/home/asal/Project1/input_data/quast-5.2.0/quast.py contigs.fasta -o ../assembly_quality

Version: 5.2.0

System information:
  OS: Linux-6.8.0-51-generic-x86_64-with-glibc2.39 (linux_64)
  Python version: 3.12.3
  CPUs number: 4

Started: 2024-12-27 22:37:01

Logging to /home/asal/Project1/assembly_quality/quast.log
NOTICE: Maximum number of threads is set to 1 (use --threads option to set it manually)

CWD: /home/asal/Project1/de_novo_assembly
Main parameters: 
  MODE: default, threads: 1, min contig length: 500, min alignment length: 65, min alignment IDY: 95.0, \
  ambiguity: one, min local misassembly length: 200, min extensive misassembly length: 1000

WARNING: Can't draw plots: python-matplotlib is missing or corrupted.

Contigs:
  Pre-processing...
  contigs.fasta ==> contigs

2024-12-27 22:37:04
Running Basic statistics processor...
  Contig files: 
    contigs
  Calculating N50 and L50...
    contigs, N50 = 87632, L50 = 17, auN = 98725.4, Total length = 4543502, GC % = 50.73, # N's per 100 kbp =  0.00
Done.

NOTICE: Genes are not predicted by default. Use --gene-finding or --glimmer option to enable it.

2024-12-27 22:37:05
Creating large visual summaries...
This may take a while: press Ctrl-C to skip this step..
  1 of 1: Creating Icarus viewers...
Done

2024-12-27 22:37:05
RESULTS:
  Text versions of total report are saved to /home/asal/Project1/assembly_quality/report.txt, report.tsv, and report.tex
  Text versions of transposed total report are saved to /home/asal/Project1/assembly_quality/transposed_report.txt, transposed_report.tsv, and transposed_report.tex
  HTML version (interactive tables and plots) is saved to /home/asal/Project1/assembly_quality/report.html
  Icarus (contig browser) is saved to /home/asal/Project1/assembly_quality/icarus.html
  Log is saved to /home/asal/Project1/assembly_quality/quast.log

Finished: 2024-12-27 22:37:05
Elapsed time: 0:00:04.256990
NOTICEs: 2; WARNINGs: 1; non-fatal ERRORs: 0

Thank you for using QUAST!
